 * Serving Flask app 'server'
 * Debug mode: on
WARNING: This is a development server. Do not use it in a production deployment. Use a production WSGI server instead.
 * Running on http://127.0.0.1:5000
Press CTRL+C to quit
 * Restarting with watchdog (windowsapi)
 * Debugger is active!
 * Debugger PIN: 160-821-609
  [repair] 'C:\Users\moham\Desktop\API_TEST\mc_divergence\..\data.yaml' failed to parse as-is; fixed 2815 corrupted list-item indentation(s) and retrying
127.0.0.1 - - [21/Jul/2026 10:45:44] "GET /api/phase1 HTTP/1.1" 200 -
127.0.0.1 - - [21/Jul/2026 10:45:58] "GET /app.js HTTP/1.1" 200 -
127.0.0.1 - - [21/Jul/2026 10:45:58] "GET / HTTP/1.1" 200 -
127.0.0.1 - - [21/Jul/2026 10:46:21] "GET / HTTP/1.1" 304 -
127.0.0.1 - - [21/Jul/2026 10:46:21] "GET /style.css HTTP/1.1" 304 -
127.0.0.1 - - [21/Jul/2026 10:46:21] "GET /app.js HTTP/1.1" 200 -
  [repair] 'C:\Users\moham\Desktop\API_TEST\mc_divergence\..\data.yaml' failed to parse as-is; fixed 2815 corrupted list-item indentation(s) and retrying
127.0.0.1 - - [21/Jul/2026 10:46:22] "GET /api/phase2/latest HTTP/1.1" 200 -
127.0.0.1 - - [21/Jul/2026 10:46:22] "GET /api/reports HTTP/1.1" 200 -
127.0.0.1 - - [21/Jul/2026 10:46:29] "GET /api/phase1 HTTP/1.1" 200 -
127.0.0.1 - - [21/Jul/2026 10:51:34] "GET /app.js HTTP/1.1" 200 -
127.0.0.1 - - [21/Jul/2026 10:51:34] "GET / HTTP/1.1" 200 -
127.0.0.1 - - [21/Jul/2026 10:52:01] "GET / HTTP/1.1" 304 -
127.0.0.1 - - [21/Jul/2026 10:52:01] "GET /style.css HTTP/1.1" 200 -
127.0.0.1 - - [21/Jul/2026 10:52:01] "GET /app.js HTTP/1.1" 200 -
127.0.0.1 - - [21/Jul/2026 10:52:01] "GET /api/reports HTTP/1.1" 200 -
127.0.0.1 - - [21/Jul/2026 10:52:01] "GET /api/phase2/latest HTTP/1.1" 200 -
  [repair] 'C:\Users\moham\Desktop\API_TEST\mc_divergence\..\data.yaml' failed to parse as-is; fixed 2815 corrupted list-item indentation(s) and retrying
127.0.0.1 - - [21/Jul/2026 10:52:08] "GET /api/phase1 HTTP/1.1" 200 -
 * Detected change in 'C:\\Users\\moham\\Desktop\\API_TEST\\mc_divergence\\phase1_historical_audit.py', reloading
 * Restarting with watchdog (windowsapi)
 * Debugger is active!
 * Debugger PIN: 160-821-609
 * Detected change in 'C:\\Users\\moham\\Desktop\\API_TEST\\front\\server.py', reloading
 * Restarting with watchdog (windowsapi)
 * Debugger is active!
 * Debugger PIN: 160-821-609
 * Detected change in 'C:\\Python314\\Lib\\encodings\\utf_8_sig.py', reloading
 * Restarting with watchdog (windowsapi)
 * Debugger is active!
 * Debugger PIN: 160-821-609
 * Detected change in 'C:\\Users\\moham\\Desktop\\API_TEST\\front\\server.py', reloading
 * Restarting with watchdog (windowsapi)
 * Debugger is active!
 * Debugger PIN: 160-821-609
 * Detected change in 'C:\\Users\\moham\\Desktop\\API_TEST\\front\\server.py', reloading
 * Restarting with watchdog (windowsapi)
 * Debugger is active!
 * Debugger PIN: 160-821-609
127.0.0.1 - - [23/Jul/2026 09:27:23] "GET / HTTP/1.1" 200 -
  [repair] 'C:\Users\moham\Desktop\API_TEST\mc_divergence\..\data.yaml' failed to parse as-is; fixed 2815 corrupted list-item indentation(s) and retrying
127.0.0.1 - - [23/Jul/2026 09:27:34] "GET /api/phase1 HTTP/1.1" 200 -
127.0.0.1 - - [23/Jul/2026 09:27:39] "GET / HTTP/1.1" 200 -
127.0.0.1 - - [23/Jul/2026 09:28:00] "GET / HTTP/1.1" 304 -
127.0.0.1 - - [23/Jul/2026 09:28:00] "GET /style.css HTTP/1.1" 304 -
127.0.0.1 - - [23/Jul/2026 09:28:00] "GET /app.js HTTP/1.1" 304 -
127.0.0.1 - - [23/Jul/2026 09:28:00] "GET /api/reports HTTP/1.1" 200 -
127.0.0.1 - - [23/Jul/2026 09:28:00] "GET /api/phase2/latest HTTP/1.1" 200 -
  [repair] 'C:\Users\moham\Desktop\API_TEST\mc_divergence\..\data.yaml' failed to parse as-is; fixed 2815 corrupted list-item indentation(s) and retrying
127.0.0.1 - - [23/Jul/2026 09:28:11] "GET /api/phase1 HTTP/1.1" 200 -
 * Detected change in 'C:\\Users\\moham\\Desktop\\API_TEST\\mc_divergence\\phase1_historical_audit.py', reloading
 * Restarting with watchdog (windowsapi)
 * Debugger is active!
 * Debugger PIN: 160-821-609
 * Detected change in 'C:\\Users\\moham\\Desktop\\API_TEST\\mc_divergence\\parse_release_note.py', reloading
 * Restarting with watchdog (windowsapi)
 * Debugger is active!
 * Debugger PIN: 160-821-609
 * Detected change in 'C:\\Users\\moham\\Desktop\\API_TEST\\mc_divergence\\phase2_job_a_new_release_alert.py', reloading
 * Restarting with watchdog (windowsapi)
 * Debugger is active!
 * Debugger PIN: 160-821-609
 * Detected change in 'C:\\Users\\moham\\Desktop\\API_TEST\\mc_divergence\\phase2_job_a_new_release_alert.py', reloading
 * Restarting with watchdog (windowsapi)
 * Debugger is active!
 * Debugger PIN: 160-821-609
 * Detected change in 'C:\\Users\\moham\\AppData\\Roaming\\Python\\Python314\\site-packages\\requests\\__init__.py', reloading
 * Restarting with watchdog (windowsapi)
 * Debugger is active!
 * Debugger PIN: 160-821-609
 * Detected change in 'C:\\Users\\moham\\AppData\\Roaming\\Python\\Python314\\site-packages\\matplotlib\\backends\\__init__.py', reloading
 * Restarting with watchdog (windowsapi)
 * Debugger is active!
 * Debugger PIN: 160-821-609
 * Detected change in 'C:\\Users\\moham\\AppData\\Roaming\\Python\\Python314\\site-packages\\matplotlib\\tri\\__init__.py', reloading
 * Restarting with watchdog (windowsapi)
 * Debugger is active!
 * Debugger PIN: 160-821-609
 * Detected change in 'C:\\Users\\moham\\AppData\\Roaming\\Python\\Python314\\site-packages\\pandas\\util\\_tester.py', reloading
 * Restarting with watchdog (windowsapi)
 * Debugger is active!
 * Debugger PIN: 160-821-609
 * Detected change in 'C:\\Users\\moham\\AppData\\Roaming\\Python\\Python314\\site-packages\\sklearn\\gaussian_process\\__init__.py', reloading
 * Restarting with watchdog (windowsapi)
 * Debugger is active!
 * Debugger PIN: 160-821-609
 * Detected change in 'C:\\Users\\moham\\AppData\\Roaming\\Python\\Python314\\site-packages\\sklearn\\multiclass.py', reloading
 * Restarting with watchdog (windowsapi)
 * Debugger is active!
 * Debugger PIN: 160-821-609
 * Detected change in 'C:\\Users\\moham\\AppData\\Roaming\\Python\\Python314\\site-packages\\sympy\\core\\intfunc.py', reloading
 * Restarting with watchdog (windowsapi)
 * Debugger is active!
 * Debugger PIN: 160-821-609
 * Detected change in 'C:\\Users\\moham\\AppData\\Roaming\\Python\\Python314\\site-packages\\sympy\\matrices\\exceptions.py', reloading
 * Restarting with watchdog (windowsapi)
 * Debugger is active!
 * Debugger PIN: 160-821-609
 * Detected change in 'C:\\Users\\moham\\AppData\\Roaming\\Python\\Python314\\site-packages\\sympy\\printing\\smtlib.py', reloading
 * Restarting with watchdog (windowsapi)
 * Debugger is active!
 * Debugger PIN: 160-821-609
 * Detected change in 'C:\\Users\\moham\\AppData\\Roaming\\Python\\Python314\\site-packages\\altair\\vegalite\\v6\\__init__.py', reloading
  [repair] 'C:\Users\moham\Desktop\API_TEST\mc_divergence\..\data.yaml' failed to parse as-is; fixed 2815 corrupted list-item indentation(s) and retrying
 * Restarting with watchdog (windowsapi)
 * Debugger is active!
 * Debugger PIN: 160-821-609
 * Detected change in 'C:\\Users\\moham\\AppData\\Roaming\\Python\\Python314\\site-packages\\blinker\\base.py', reloading
 * Restarting with watchdog (windowsapi)
 * Debugger is active!
 * Debugger PIN: 160-821-609
 * Detected change in 'C:\\Users\\moham\\AppData\\Roaming\\Python\\Python314\\site-packages\\starlette\\concurrency.py', reloading
 * Restarting with watchdog (windowsapi)
 * Debugger is active!
 * Debugger PIN: 160-821-609
 * Detected change in 'C:\\Users\\moham\\AppData\\Roaming\\Python\\Python314\\site-packages\\flask\\app.py', reloading
 * Restarting with watchdog (windowsapi)
 * Debugger is active!
 * Debugger PIN: 160-821-609
 * Detected change in 'C:\\Users\\moham\\AppData\\Roaming\\Python\\Python314\\site-packages\\git\\refs\\reference.py', reloading
 * Restarting with watchdog (windowsapi)
 * Debugger is active!
 * Debugger PIN: 160-821-609
 * Detected change in 'C:\\Users\\moham\\AppData\\Roaming\\Python\\Python314\\site-packages\\httpcore\\_sync\\connection_pool.py', reloading
 * Restarting with watchdog (windowsapi)
 * Debugger is active!
 * Debugger PIN: 160-821-609
 * Detected change in 'C:\\Users\\moham\\AppData\\Roaming\\Python\\Python314\\site-packages\\huggingface_hub\\file_download.py', reloading
 * Restarting with watchdog (windowsapi)
 * Debugger is active!
 * Debugger PIN: 160-821-609
 * Detected change in 'C:\\Users\\moham\\AppData\\Roaming\\Python\\Python314\\site-packages\\huggingface_hub\\repocard_data.py', reloading
 * Restarting with watchdog (windowsapi)
 * Debugger is active!
 * Debugger PIN: 160-821-609
 * Detected change in 'C:\\Users\\moham\\AppData\\Roaming\\Python\\Python314\\site-packages\\jsonpickle\\__init__.py', reloading
 * Restarting with watchdog (windowsapi)
 * Debugger is active!
 * Debugger PIN: 160-821-609
 * Detected change in 'C:\\Users\\moham\\AppData\\Roaming\\Python\\Python314\\site-packages\\langsmith\\utils.py', reloading
 * Restarting with watchdog (windowsapi)
 * Debugger is active!
 * Debugger PIN: 160-821-609
 * Detected change in 'C:\\Users\\moham\\AppData\\Roaming\\Python\\Python314\\site-packages\\matplotlib\\tests\\__init__.py', reloading
 * Restarting with watchdog (windowsapi)
 * Debugger is active!
 * Debugger PIN: 160-821-609
 * Detected change in 'C:\\Users\\moham\\AppData\\Roaming\\Python\\Python314\\site-packages\\nbformat\\_version.py', reloading
 * Restarting with watchdog (windowsapi)
 * Debugger is active!
 * Debugger PIN: 160-821-609
 * Detected change in 'C:\\Users\\moham\\AppData\\Roaming\\Python\\Python314\\site-packages\\prometheus_client\\__init__.py', reloading
